pages/Discover.tsx(3,17): error TS2307: Cannot find module 'react-map-gl' or its corresponding type declarations.
